Leads-Premiun copy/components/LeadInteractionForm.tsx(3,26): error TS2307: Cannot find module '../lib/supabase' or its corresponding type declarations.
Leads-Premiun copy/components/LeadInteractionForm.tsx(4,39): error TS2307: Cannot find module '../types' or its corresponding type declarations.
Leads-Premiun copy/components/Sidebar.tsx(3,33): error TS2307: Cannot find module '../constants' or its corresponding type declarations.
