pages/ImportLeadsPage.tsx(75,39): error TS2538: Type 'unknown' cannot be used as an index type.
